../Core/Src/main.c:102:5:main	296	static
../Core/Src/main.c:190:6:SystemClock_Config	112	static
../Core/Src/main.c:240:13:MX_NVIC_Init	8	static
../Core/Src/main.c:252:13:MX_ADC_Init	24	static
../Core/Src/main.c:330:13:MX_I2C1_Init	8	static
../Core/Src/main.c:378:13:MX_TIM2_Init	64	static
../Core/Src/main.c:427:13:MX_TIM3_Init	64	static
../Core/Src/main.c:494:13:MX_TIM14_Init	40	static
../Core/Src/main.c:540:13:MX_TIM16_Init	72	static
../Core/Src/main.c:602:13:MX_TIM17_Init	8	static
../Core/Src/main.c:634:13:MX_USART2_UART_Init	8	static
../Core/Src/main.c:667:13:MX_DMA_Init	16	static
../Core/Src/main.c:691:13:MX_GPIO_Init	48	static
../Core/Src/main.c:745:6:Error_Handler	8	static,ignoring_inline_asm
